[bigredhevell.com/3856-discovering-the-charm-of-historic-architecture/index9c4b.html]
[backblue.gif]
[fade.gif]
[index.html]
[bigredhevell.com/3856-discovering-the-charm-of-historic-architecture/assets/favicon.ico]
[cdn.jsdelivr.net/npm/bootstrap@5.2.3/dist/css/bootstrap.min.css]
[bigredhevell.com/3856-discovering-the-charm-of-historic-architecture/assets/countdown.css]
[bigredhevell.com/3856-discovering-the-charm-of-historic-architecture/assets/animation.css]
[bigredhevell.com/3856-discovering-the-charm-of-historic-architecture/assets/style.css]
[rettablewizette.com/d/3e01b3cb-08f1-4b9e-9604-9faafe7ff2a0d349.js]
[bigredhevell.com/3856-discovering-the-charm-of-historic-architecture/assets/header.png]
[bigredhevell.com/3856-discovering-the-charm-of-historic-architecture/assets/logo_2.png]
[bigredhevell.com/3856-discovering-the-charm-of-historic-architecture/assets/ambassador.png]
[bigredhevell.com/3856-discovering-the-charm-of-historic-architecture/assets/zues.png]
[bigredhevell.com/3856-discovering-the-charm-of-historic-architecture/assets/jackpot.png]
[bigredhevell.com/3856-discovering-the-charm-of-historic-architecture/assets/frame.png]
[bigredhevell.com/3856-discovering-the-charm-of-historic-architecture/assets/frame-mobile.png]
[bigredhevell.com/3856-discovering-the-charm-of-historic-architecture/assets/outer.png]
[bigredhevell.com/3856-discovering-the-charm-of-historic-architecture/assets/inner.png]
[bigredhevell.com/3856-discovering-the-charm-of-historic-architecture/assets/spin.png]
[bigredhevell.com/3856-discovering-the-charm-of-historic-architecture/assets/spin-again.png]
[bigredhevell.com/3856-discovering-the-charm-of-historic-architecture/assets/cta.png]
[code.jquery.com/jquery-3.6.0.min.js]
[bigredhevell.com/3856-discovering-the-charm-of-historic-architecture/index9c4b.html]
[cdn.jsdelivr.net/npm/bootstrap@5.2.3/dist/css/bootstrap.min.css]
[bigredhevell.com/3856-discovering-the-charm-of-historic-architecture/assets/countdown.css]
[bigredhevell.com/3856-discovering-the-charm-of-historic-architecture/assets/animation.css]
[cdn.jsdelivr.net/npm/bootstrap@5.2.3/dist/js/bootstrap.bundle.min.js]
[bigredhevell.com/3856-discovering-the-charm-of-historic-architecture/assets/bg_olympus_2.png]
[bigredhevell.com/3856-discovering-the-charm-of-historic-architecture/assets/try-again-pop.html]
[bigredhevell.com/3856-discovering-the-charm-of-historic-architecture/assets/win-pop.html]
[bigredhevell.com/3856-discovering-the-charm-of-historic-architecture/assets/bg_olympus_mobile.jpg]
[bigredhevell.com/3856-discovering-the-charm-of-historic-architecture/assets/style.css]
[rettablewizette.com/d/3e01b3cb-08f1-4b9e-9604-9faafe7ff2a0.html]
[cdn.jsdelivr.net/npm/bootstrap@5.2.1/dist/css/bootstrap.min.css]
[bigredhevell.com/3856-discovering-the-charm-of-historic-architecture/assets/css/style.html]
[bigredhevell.com/3856-discovering-the-charm-of-historic-architecture/assets/try-again-pop.html]
[bigredhevell.com/3856-discovering-the-charm-of-historic-architecture/assets/win-pop.html]
[cdn.jsdelivr.net/npm/bootstrap@5.2.1/dist/css/bootstrap.min.css]
[cdn.jsdelivr.net/npm/bootstrap@5.2.1/dist/js/bootstrap.bundle.min.js]
[bigredhevell.com/3856-discovering-the-charm-of-historic-architecture/assets/css/style.html]
[bigredhevell.com/3856-discovering-the-charm-of-historic-architecture/assets/css/css/style.html]
[bigredhevell.com/3856-discovering-the-charm-of-historic-architecture/assets/css/css/style.html]
[bigredhevell.com/3856-discovering-the-charm-of-historic-architecture/assets/css/css/css/style.html]
[bigredhevell.com/3856-discovering-the-charm-of-historic-architecture/assets/css/css/css/style.html]
[bigredhevell.com/3856-discovering-the-charm-of-historic-architecture/assets/css/css/css/css/style.html]
[bigredhevell.com/3856-discovering-the-charm-of-historic-architecture/assets/css/css/css/css/style.html]
[bigredhevell.com/3856-discovering-the-charm-of-historic-architecture/assets/css/css/css/css/css/style.html]
[bigredhevell.com/3856-discovering-the-charm-of-historic-architecture/assets/css/css/css/css/css/style.html]
[bigredhevell.com/3856-discovering-the-charm-of-historic-architecture/assets/css/css/css/css/css/css/style.html]
[bigredhevell.com/3856-discovering-the-charm-of-historic-architecture/assets/css/css/css/css/css/css/style.html]
[bigredhevell.com/3856-discovering-the-charm-of-historic-architecture/assets/css/css/css/css/css/css/css/style.html]
[bigredhevell.com/3856-discovering-the-charm-of-historic-architecture/assets/css/css/css/css/css/css/css/style.html]
[bigredhevell.com/3856-discovering-the-charm-of-historic-architecture/assets/css/css/css/css/css/css/css/css/style.html]
[bigredhevell.com/3856-discovering-the-charm-of-historic-architecture/assets/css/css/css/css/css/css/css/css/style.html]
[bigredhevell.com/3856-discovering-the-charm-of-historic-architecture/assets/css/css/css/css/css/css/css/css/css/style.html]
[bigredhevell.com/3856-discovering-the-charm-of-historic-architecture/assets/css/css/css/css/css/css/css/css/css/style.html]
[bigredhevell.com/3856-discovering-the-charm-of-historic-architecture/assets/css/css/css/css/css/css/css/css/css/css/style.html]
[bigredhevell.com/3856-discovering-the-charm-of-historic-architecture/assets/css/css/css/css/css/css/css/css/css/css/style.html]
[bigredhevell.com/3856-discovering-the-charm-of-historic-architecture/assets/css/css/css/css/css/css/css/css/css/css/css/style.html]
[bigredhevell.com/3856-discovering-the-charm-of-historic-architecture/assets/css/css/css/css/css/css/css/css/css/css/css/style.html]
[bigredhevell.com/3856-discovering-the-charm-of-historic-architecture/assets/css/css/css/css/css/css/css/css/css/css/css/css/style.html]
[bigredhevell.com/3856-discovering-the-charm-of-historic-architecture/assets/css/css/css/css/css/css/css/css/css/css/css/css/style.html]
[bigredhevell.com/3856-discovering-the-charm-of-historic-architecture/assets/css/css/css/css/css/css/css/css/css/css/css/css/css/style.html]
[bigredhevell.com/3856-discovering-the-charm-of-historic-architecture/assets/css/css/css/css/css/css/css/css/css/css/css/css/css/style.html]
[bigredhevell.com/3856-discovering-the-charm-of-historic-architecture/assets/css/css/css/css/css/css/css/css/css/css/css/css/css/css/style.html]
[bigredhevell.com/3856-discovering-the-charm-of-historic-architecture/assets/css/css/css/css/css/css/css/css/css/css/css/css/css/css/style.html]
[bigredhevell.com/3856-discovering-the-charm-of-historic-architecture/assets/css/css/css/css/css/css/css/css/css/css/css/css/css/css/css/style.html]
[bigredhevell.com/3856-discovering-the-charm-of-historic-architecture/assets/css/css/css/css/css/css/css/css/css/css/css/css/css/css/css/style.html]
[bigredhevell.com/3856-discovering-the-charm-of-historic-architecture/assets/css/css/css/css/css/css/css/css/css/css/css/css/css/css/css/css/style.html]
[bigredhevell.com/3856-discovering-the-charm-of-historic-architecture/assets/css/css/css/css/css/css/css/css/css/css/css/css/css/css/css/css/style.html]
[bigredhevell.com/3856-discovering-the-charm-of-historic-architecture/assets/css/css/css/css/css/css/css/css/css/css/css/css/css/css/css/css/css/style.html]
[bigredhevell.com/3856-discovering-the-charm-of-historic-architecture/assets/css/css/css/css/css/css/css/css/css/css/css/css/css/css/css/css/css/style.html]
[bigredhevell.com/3856-discovering-the-charm-of-historic-architecture/assets/css/css/css/css/css/css/css/css/css/css/css/css/css/css/css/css/css/css/style.html]
[bigredhevell.com/3856-discovering-the-charm-of-historic-architecture/assets/css/css/css/css/css/css/css/css/css/css/css/css/css/css/css/css/css/css/style.html]
[bigredhevell.com/3856-discovering-the-charm-of-historic-architecture/assets/css/css/css/css/css/css/css/css/css/css/css/css/css/css/css/css/css/css/css/style.html]
[bigredhevell.com/3856-discovering-the-charm-of-historic-architecture/assets/css/css/css/css/css/css/css/css/css/css/css/css/css/css/css/css/css/css/css/style.html]
[bigredhevell.com/3856-discovering-the-charm-of-historic-architecture/assets/css/css/css/css/css/css/css/css/css/css/css/css/css/css/css/css/css/css/css/css/style.html]
[bigredhevell.com/3856-discovering-the-charm-of-historic-architecture/assets/css/css/css/css/css/css/css/css/css/css/css/css/css/css/css/css/css/css/css/css/style.html]
[bigredhevell.com/3856-discovering-the-charm-of-historic-architecture/assets/css/css/css/css/css/css/css/css/css/css/css/css/css/css/css/css/css/css/css/css/css/style.html]
[bigredhevell.com/3856-discovering-the-charm-of-historic-architecture/assets/css/css/css/css/css/css/css/css/css/css/css/css/css/css/css/css/css/css/css/css/css/style.html]
[bigredhevell.com/3856-discovering-the-charm-of-historic-architecture/assets/css/css/css/css/css/css/css/css/css/css/css/css/css/css/css/css/css/css/css/css/css/css/style.html]
[bigredhevell.com/3856-discovering-the-charm-of-historic-architecture/assets/css/css/css/css/css/css/css/css/css/css/css/css/css/css/css/css/css/css/css/css/css/css/style.html]
[bigredhevell.com/3856-discovering-the-charm-of-historic-architecture/assets/css/css/css/css/css/css/css/css/css/css/css/css/css/css/css/css/css/css/css/css/css/css/css/style.html]
[bigredhevell.com/3856-discovering-the-charm-of-historic-architecture/assets/css/css/css/css/css/css/css/css/css/css/css/css/css/css/css/css/css/css/css/css/css/css/css/style.html]
[bigredhevell.com/3856-discovering-the-charm-of-historic-architecture/assets/css/css/css/css/css/css/css/css/css/css/css/css/css/css/css/css/css/css/css/css/css/css/css/css/style.html]
[bigredhevell.com/3856-discovering-the-charm-of-historic-architecture/assets/css/css/css/css/css/css/css/css/css/css/css/css/css/css/css/css/css/css/css/css/css/css/css/css/style.html]
[bigredhevell.com/3856-discovering-the-charm-of-historic-architec/assets/css/css/css/css/css/css/css/css/css/css/css/css/css/css/css/css/css/css/css/css/css/css/css/css/cs/style.33.delaye]
[bigredhevell.com/3856-discovering-the-charm-of-historic-architec/assets/css/css/css/css/css/css/css/css/css/css/css/css/css/css/css/css/css/css/css/css/css/css/css/css/cs/style.33.delaye]
[bigredhevell.com/3856-discovering-the-charm-of-historic-architec/assets/css/css/css/css/css/css/css/css/css/css/css/css/css/css/css/css/css/css/css/css/css/css/css/css/cs/style.34.delaye]
[bigredhevell.com/3856-discovering-the-charm-of-historic-architec/assets/css/css/css/css/css/css/css/css/css/css/css/css/css/css/css/css/css/css/css/css/css/css/css/css/cs/style.34.delaye]
[bigredhevell.com/3856-discovering-the-charm-of-historic-architec/assets/css/css/css/css/css/css/css/css/css/css/css/css/css/css/css/css/css/css/css/css/css/css/css/css/cs/style.35.delaye]
[bigredhevell.com/3856-discovering-the-charm-of-historic-architec/assets/css/css/css/css/css/css/css/css/css/css/css/css/css/css/css/css/css/css/css/css/css/css/css/css/cs/style.35.delaye]
[bigredhevell.com/3856-discovering-the-charm-of-historic-architec/assets/css/css/css/css/css/css/css/css/css/css/css/css/css/css/css/css/css/css/css/css/css/css/css/css/cs/style.36.delaye]
[bigredhevell.com/3856-discovering-the-charm-of-historic-architec/assets/css/css/css/css/css/css/css/css/css/css/css/css/css/css/css/css/css/css/css/css/css/css/css/css/cs/style.36.delaye]
[bigredhevell.com/3856-discovering-the-charm-of-historic-architec/assets/css/css/css/css/css/css/css/css/css/css/css/css/css/css/css/css/css/css/css/css/css/css/css/css/cs/style.37.delaye]
[bigredhevell.com/3856-discovering-the-charm-of-historic-architec/assets/css/css/css/css/css/css/css/css/css/css/css/css/css/css/css/css/css/css/css/css/css/css/css/css/cs/style.37.delaye]
[bigredhevell.com/3856-discovering-the-charm-of-historic-architec/assets/css/css/css/css/css/css/css/css/css/css/css/css/css/css/css/css/css/css/css/css/css/css/css/css/cs/style.38.delaye]
[bigredhevell.com/3856-discovering-the-charm-of-historic-architec/assets/css/css/css/css/css/css/css/css/css/css/css/css/css/css/css/css/css/css/css/css/css/css/css/css/cs/style.38.delaye]
[bigredhevell.com/3856-discovering-the-charm-of-historic-architec/assets/css/css/css/css/css/css/css/css/css/css/css/css/css/css/css/css/css/css/css/css/css/css/css/css/cs/style.39.delaye]
[bigredhevell.com/3856-discovering-the-charm-of-historic-architec/assets/css/css/css/css/css/css/css/css/css/css/css/css/css/css/css/css/css/css/css/css/css/css/css/css/cs/style.39.delaye]
[bigredhevell.com/3856-discovering-the-charm-of-historic-architec/assets/css/css/css/css/css/css/css/css/css/css/css/css/css/css/css/css/css/css/css/css/css/css/css/css/cs/style.3a.delaye]
[bigredhevell.com/3856-discovering-the-charm-of-historic-architec/assets/css/css/css/css/css/css/css/css/css/css/css/css/css/css/css/css/css/css/css/css/css/css/css/css/cs/style.3a.delaye]
[bigredhevell.com/3856-discovering-the-charm-of-historic-architec/assets/css/css/css/css/css/css/css/css/css/css/css/css/css/css/css/css/css/css/css/css/css/css/css/css/cs/style.3b.delaye]
[bigredhevell.com/3856-discovering-the-charm-of-historic-architec/assets/css/css/css/css/css/css/css/css/css/css/css/css/css/css/css/css/css/css/css/css/css/css/css/css/cs/style.3b.delaye]
[bigredhevell.com/3856-discovering-the-charm-of-historic-architec/assets/css/css/css/css/css/css/css/css/css/css/css/css/css/css/css/css/css/css/css/css/css/css/css/css/cs/style.3c.delaye]
[bigredhevell.com/3856-discovering-the-charm-of-historic-architec/assets/css/css/css/css/css/css/css/css/css/css/css/css/css/css/css/css/css/css/css/css/css/css/css/css/cs/style.3c.delaye]
[bigredhevell.com/3856-discovering-the-charm-of-historic-architec/assets/css/css/css/css/css/css/css/css/css/css/css/css/css/css/css/css/css/css/css/css/css/css/css/css/cs/style.3d.delaye]
[bigredhevell.com/3856-discovering-the-charm-of-historic-architec/assets/css/css/css/css/css/css/css/css/css/css/css/css/css/css/css/css/css/css/css/css/css/css/css/css/cs/style.3d.delaye]
[bigredhevell.com/3856-discovering-the-charm-of-historic-architec/assets/css/css/css/css/css/css/css/css/css/css/css/css/css/css/css/css/css/css/css/css/css/css/css/css/cs/style.3e.delaye]
[bigredhevell.com/3856-discovering-the-charm-of-historic-architec/assets/css/css/css/css/css/css/css/css/css/css/css/css/css/css/css/css/css/css/css/css/css/css/css/css/cs/style.3e.delaye]
[bigredhevell.com/3856-discovering-the-charm-of-historic-architec/assets/css/css/css/css/css/css/css/css/css/css/css/css/css/css/css/css/css/css/css/css/css/css/css/css/cs/style.3f.delaye]
[bigredhevell.com/3856-discovering-the-charm-of-historic-architec/assets/css/css/css/css/css/css/css/css/css/css/css/css/css/css/css/css/css/css/css/css/css/css/css/css/cs/style.3f.delaye]
[bigredhevell.com/3856-discovering-the-charm-of-historic-architec/assets/css/css/css/css/css/css/css/css/css/css/css/css/css/css/css/css/css/css/css/css/css/css/css/css/cs/style.40.delaye]
[bigredhevell.com/3856-discovering-the-charm-of-historic-architec/assets/css/css/css/css/css/css/css/css/css/css/css/css/css/css/css/css/css/css/css/css/css/css/css/css/cs/style.40.delaye]
[bigredhevell.com/3856-discovering-the-charm-of-historic-architec/assets/css/css/css/css/css/css/css/css/css/css/css/css/css/css/css/css/css/css/css/css/css/css/css/css/cs/style.41.delaye]
[bigredhevell.com/3856-discovering-the-charm-of-historic-architec/assets/css/css/css/css/css/css/css/css/css/css/css/css/css/css/css/css/css/css/css/css/css/css/css/css/cs/style.41.delaye]
[bigredhevell.com/3856-discovering-the-charm-of-historic-architec/assets/css/css/css/css/css/css/css/css/css/css/css/css/css/css/css/css/css/css/css/css/css/css/css/css/cs/style.42.delaye]
[bigredhevell.com/3856-discovering-the-charm-of-historic-architec/assets/css/css/css/css/css/css/css/css/css/css/css/css/css/css/css/css/css/css/css/css/css/css/css/css/cs/style.42.delaye]
[bigredhevell.com/3856-discovering-the-charm-of-historic-architec/assets/css/css/css/css/css/css/css/css/css/css/css/css/css/css/css/css/css/css/css/css/css/css/css/css/cs/style.43.delaye]
[bigredhevell.com/3856-discovering-the-charm-of-historic-architec/assets/css/css/css/css/css/css/css/css/css/css/css/css/css/css/css/css/css/css/css/css/css/css/css/css/cs/style.43.delaye]
[bigredhevell.com/3856-discovering-the-charm-of-historic-architec/assets/css/css/css/css/css/css/css/css/css/css/css/css/css/css/css/css/css/css/css/css/css/css/css/css/cs/style.44.delaye]
[bigredhevell.com/3856-discovering-the-charm-of-historic-architec/assets/css/css/css/css/css/css/css/css/css/css/css/css/css/css/css/css/css/css/css/css/css/css/css/css/cs/style.44.delaye]
[bigredhevell.com/3856-discovering-the-charm-of-historic-architec/assets/css/css/css/css/css/css/css/css/css/css/css/css/css/css/css/css/css/css/css/css/css/css/css/css/cs/style.45.delaye]
[bigredhevell.com/3856-discovering-the-charm-of-historic-architec/assets/css/css/css/css/css/css/css/css/css/css/css/css/css/css/css/css/css/css/css/css/css/css/css/css/cs/style.45.delaye]
[bigredhevell.com/3856-discovering-the-charm-of-historic-architec/assets/css/css/css/css/css/css/css/css/css/css/css/css/css/css/css/css/css/css/css/css/css/css/css/css/cs/style.46.delaye]
[bigredhevell.com/3856-discovering-the-charm-of-historic-architec/assets/css/css/css/css/css/css/css/css/css/css/css/css/css/css/css/css/css/css/css/css/css/css/css/css/cs/style.46.delaye]
[bigredhevell.com/3856-discovering-the-charm-of-historic-architec/assets/css/css/css/css/css/css/css/css/css/css/css/css/css/css/css/css/css/css/css/css/css/css/css/css/cs/style.47.delaye]
[bigredhevell.com/3856-discovering-the-charm-of-historic-architec/assets/css/css/css/css/css/css/css/css/css/css/css/css/css/css/css/css/css/css/css/css/css/css/css/css/cs/style.47.delaye]
[bigredhevell.com/3856-discovering-the-charm-of-historic-architec/assets/css/css/css/css/css/css/css/css/css/css/css/css/css/css/css/css/css/css/css/css/css/css/css/css/cs/style.48.delaye]
[bigredhevell.com/3856-discovering-the-charm-of-historic-architec/assets/css/css/css/css/css/css/css/css/css/css/css/css/css/css/css/css/css/css/css/css/css/css/css/css/cs/style.48.delaye]
[bigredhevell.com/3856-discovering-the-charm-of-historic-architec/assets/css/css/css/css/css/css/css/css/css/css/css/css/css/css/css/css/css/css/css/css/css/css/css/css/cs/style.49.delaye]
[bigredhevell.com/3856-discovering-the-charm-of-historic-architec/assets/css/css/css/css/css/css/css/css/css/css/css/css/css/css/css/css/css/css/css/css/css/css/css/css/cs/style.49.delaye]
[bigredhevell.com/3856-discovering-the-charm-of-historic-architec/assets/css/css/css/css/css/css/css/css/css/css/css/css/css/css/css/css/css/css/css/css/css/css/css/css/cs/style.4a.delaye]
[bigredhevell.com/3856-discovering-the-charm-of-historic-architec/assets/css/css/css/css/css/css/css/css/css/css/css/css/css/css/css/css/css/css/css/css/css/css/css/css/cs/style.4a.delaye]
[bigredhevell.com/3856-discovering-the-charm-of-historic-architec/assets/css/css/css/css/css/css/css/css/css/css/css/css/css/css/css/css/css/css/css/css/css/css/css/css/cs/style.4b.delaye]
[bigredhevell.com/3856-discovering-the-charm-of-historic-architec/assets/css/css/css/css/css/css/css/css/css/css/css/css/css/css/css/css/css/css/css/css/css/css/css/css/cs/style.4b.delaye]
[bigredhevell.com/3856-discovering-the-charm-of-historic-architec/assets/css/css/css/css/css/css/css/css/css/css/css/css/css/css/css/css/css/css/css/css/css/css/css/css/cs/style.4c.delaye]
[bigredhevell.com/3856-discovering-the-charm-of-historic-architec/assets/css/css/css/css/css/css/css/css/css/css/css/css/css/css/css/css/css/css/css/css/css/css/css/css/cs/style.4c.delaye]
[bigredhevell.com/3856-discovering-the-charm-of-historic-architec/assets/css/css/css/css/css/css/css/css/css/css/css/css/css/css/css/css/css/css/css/css/css/css/css/css/cs/style.4d.delaye]
[bigredhevell.com/3856-discovering-the-charm-of-historic-architec/assets/css/css/css/css/css/css/css/css/css/css/css/css/css/css/css/css/css/css/css/css/css/css/css/css/cs/style.4d.delaye]
[bigredhevell.com/3856-discovering-the-charm-of-historic-architec/assets/css/css/css/css/css/css/css/css/css/css/css/css/css/css/css/css/css/css/css/css/css/css/css/css/cs/style.4e.delaye]
[bigredhevell.com/3856-discovering-the-charm-of-historic-architec/assets/css/css/css/css/css/css/css/css/css/css/css/css/css/css/css/css/css/css/css/css/css/css/css/css/cs/style.4e.delaye]
[bigredhevell.com/3856-discovering-the-charm-of-historic-architec/assets/css/css/css/css/css/css/css/css/css/css/css/css/css/css/css/css/css/css/css/css/css/css/css/css/cs/style.4f.delaye]
[bigredhevell.com/3856-discovering-the-charm-of-historic-architec/assets/css/css/css/css/css/css/css/css/css/css/css/css/css/css/css/css/css/css/css/css/css/css/css/css/cs/style.4f.delaye]
[bigredhevell.com/3856-discovering-the-charm-of-historic-architec/assets/css/css/css/css/css/css/css/css/css/css/css/css/css/css/css/css/css/css/css/css/css/css/css/css/cs/style.50.delaye]
[bigredhevell.com/3856-discovering-the-charm-of-historic-architec/assets/css/css/css/css/css/css/css/css/css/css/css/css/css/css/css/css/css/css/css/css/css/css/css/css/cs/style.50.delaye]
[bigredhevell.com/3856-discovering-the-charm-of-historic-architec/assets/css/css/css/css/css/css/css/css/css/css/css/css/css/css/css/css/css/css/css/css/css/css/css/css/cs/style.51.delaye]
[bigredhevell.com/3856-discovering-the-charm-of-historic-architec/assets/css/css/css/css/css/css/css/css/css/css/css/css/css/css/css/css/css/css/css/css/css/css/css/css/cs/style.51.delaye]
[bigredhevell.com/3856-discovering-the-charm-of-historic-architec/assets/css/css/css/css/css/css/css/css/css/css/css/css/css/css/css/css/css/css/css/css/css/css/css/css/cs/style.52.delaye]
[bigredhevell.com/3856-discovering-the-charm-of-historic-architec/assets/css/css/css/css/css/css/css/css/css/css/css/css/css/css/css/css/css/css/css/css/css/css/css/css/cs/style.52.delaye]
[bigredhevell.com/3856-discovering-the-charm-of-historic-architec/assets/css/css/css/css/css/css/css/css/css/css/css/css/css/css/css/css/css/css/css/css/css/css/css/css/cs/style.53.delaye]
[bigredhevell.com/3856-discovering-the-charm-of-historic-architec/assets/css/css/css/css/css/css/css/css/css/css/css/css/css/css/css/css/css/css/css/css/css/css/css/css/cs/style.53.delaye]
[bigredhevell.com/3856-discovering-the-charm-of-historic-architec/assets/css/css/css/css/css/css/css/css/css/css/css/css/css/css/css/css/css/css/css/css/css/css/css/css/cs/style.54.delaye]
[bigredhevell.com/3856-discovering-the-charm-of-historic-architec/assets/css/css/css/css/css/css/css/css/css/css/css/css/css/css/css/css/css/css/css/css/css/css/css/css/cs/style.54.delaye]
[bigredhevell.com/3856-discovering-the-charm-of-historic-architec/assets/css/css/css/css/css/css/css/css/css/css/css/css/css/css/css/css/css/css/css/css/css/css/css/css/cs/style.55.delaye]
[bigredhevell.com/3856-discovering-the-charm-of-historic-architec/assets/css/css/css/css/css/css/css/css/css/css/css/css/css/css/css/css/css/css/css/css/css/css/css/css/cs/style.55.delaye]
[bigredhevell.com/3856-discovering-the-charm-of-historic-architec/assets/css/css/css/css/css/css/css/css/css/css/css/css/css/css/css/css/css/css/css/css/css/css/css/css/cs/style.56.delaye]
[bigredhevell.com/3856-discovering-the-charm-of-historic-architec/assets/css/css/css/css/css/css/css/css/css/css/css/css/css/css/css/css/css/css/css/css/css/css/css/css/cs/style.56.delaye]
[bigredhevell.com/3856-discovering-the-charm-of-historic-architec/assets/css/css/css/css/css/css/css/css/css/css/css/css/css/css/css/css/css/css/css/css/css/css/css/css/cs/style.57.delaye]
[bigredhevell.com/3856-discovering-the-charm-of-historic-architec/assets/css/css/css/css/css/css/css/css/css/css/css/css/css/css/css/css/css/css/css/css/css/css/css/css/cs/style.57.delaye]
[bigredhevell.com/3856-discovering-the-charm-of-historic-architec/assets/css/css/css/css/css/css/css/css/css/css/css/css/css/css/css/css/css/css/css/css/css/css/css/css/cs/style.58.delaye]
[bigredhevell.com/3856-discovering-the-charm-of-historic-architec/assets/css/css/css/css/css/css/css/css/css/css/css/css/css/css/css/css/css/css/css/css/css/css/css/css/cs/style.58.delaye]
[bigredhevell.com/3856-discovering-the-charm-of-historic-architec/assets/css/css/css/css/css/css/css/css/css/css/css/css/css/css/css/css/css/css/css/css/css/css/css/css/cs/style.59.delaye]
[bigredhevell.com/3856-discovering-the-charm-of-historic-architec/assets/css/css/css/css/css/css/css/css/css/css/css/css/css/css/css/css/css/css/css/css/css/css/css/css/cs/style.59.delaye]
[bigredhevell.com/3856-discovering-the-charm-of-historic-architec/assets/css/css/css/css/css/css/css/css/css/css/css/css/css/css/css/css/css/css/css/css/css/css/css/css/cs/style.5a.delaye]
[bigredhevell.com/3856-discovering-the-charm-of-historic-architec/assets/css/css/css/css/css/css/css/css/css/css/css/css/css/css/css/css/css/css/css/css/css/css/css/css/cs/style.5a.delaye]
[bigredhevell.com/3856-discovering-the-charm-of-historic-architec/assets/css/css/css/css/css/css/css/css/css/css/css/css/css/css/css/css/css/css/css/css/css/css/css/css/cs/style.5b.delaye]
[bigredhevell.com/3856-discovering-the-charm-of-historic-architec/assets/css/css/css/css/css/css/css/css/css/css/css/css/css/css/css/css/css/css/css/css/css/css/css/css/cs/style.5b.delaye]
[bigredhevell.com/3856-discovering-the-charm-of-historic-architec/assets/css/css/css/css/css/css/css/css/css/css/css/css/css/css/css/css/css/css/css/css/css/css/css/css/cs/style.5c.delaye]
[bigredhevell.com/3856-discovering-the-charm-of-historic-architec/assets/css/css/css/css/css/css/css/css/css/css/css/css/css/css/css/css/css/css/css/css/css/css/css/css/cs/style.5c.delaye]
[bigredhevell.com/3856-discovering-the-charm-of-historic-architec/assets/css/css/css/css/css/css/css/css/css/css/css/css/css/css/css/css/css/css/css/css/css/css/css/css/cs/style.5d.delaye]
[bigredhevell.com/3856-discovering-the-charm-of-historic-architec/assets/css/css/css/css/css/css/css/css/css/css/css/css/css/css/css/css/css/css/css/css/css/css/css/css/cs/style.5d.delaye]
[bigredhevell.com/3856-discovering-the-charm-of-historic-architec/assets/css/css/css/css/css/css/css/css/css/css/css/css/css/css/css/css/css/css/css/css/css/css/css/css/cs/style.5e.delaye]
[bigredhevell.com/3856-discovering-the-charm-of-historic-architec/assets/css/css/css/css/css/css/css/css/css/css/css/css/css/css/css/css/css/css/css/css/css/css/css/css/cs/style.5e.delaye]
[bigredhevell.com/3856-discovering-the-charm-of-historic-architec/assets/css/css/css/css/css/css/css/css/css/css/css/css/css/css/css/css/css/css/css/css/css/css/css/css/cs/style.5f.delaye]
[bigredhevell.com/3856-discovering-the-charm-of-historic-architec/assets/css/css/css/css/css/css/css/css/css/css/css/css/css/css/css/css/css/css/css/css/css/css/css/css/cs/style.5f.delaye]
[bigredhevell.com/3856-discovering-the-charm-of-historic-architec/assets/css/css/css/css/css/css/css/css/css/css/css/css/css/css/css/css/css/css/css/css/css/css/css/css/cs/style.60.delaye]
[bigredhevell.com/3856-discovering-the-charm-of-historic-architec/assets/css/css/css/css/css/css/css/css/css/css/css/css/css/css/css/css/css/css/css/css/css/css/css/css/cs/style.60.delaye]
[bigredhevell.com/3856-discovering-the-charm-of-historic-architec/assets/css/css/css/css/css/css/css/css/css/css/css/css/css/css/css/css/css/css/css/css/css/css/css/css/cs/style.61.delaye]
[bigredhevell.com/3856-discovering-the-charm-of-historic-architec/assets/css/css/css/css/css/css/css/css/css/css/css/css/css/css/css/css/css/css/css/css/css/css/css/css/cs/style.61.delaye]
[bigredhevell.com/3856-discovering-the-charm-of-historic-architec/assets/css/css/css/css/css/css/css/css/css/css/css/css/css/css/css/css/css/css/css/css/css/css/css/css/cs/style.62.delaye]
[bigredhevell.com/3856-discovering-the-charm-of-historic-architec/assets/css/css/css/css/css/css/css/css/css/css/css/css/css/css/css/css/css/css/css/css/css/css/css/css/cs/style.62.delaye]
[bigredhevell.com/3856-discovering-the-charm-of-historic-architec/assets/css/css/css/css/css/css/css/css/css/css/css/css/css/css/css/css/css/css/css/css/css/css/css/css/cs/style.63.delaye]
[bigredhevell.com/3856-discovering-the-charm-of-historic-architec/assets/css/css/css/css/css/css/css/css/css/css/css/css/css/css/css/css/css/css/css/css/css/css/css/css/cs/style.63.delaye]
[bigredhevell.com/3856-discovering-the-charm-of-historic-architec/assets/css/css/css/css/css/css/css/css/css/css/css/css/css/css/css/css/css/css/css/css/css/css/css/css/cs/style.64.delaye]
[bigredhevell.com/3856-discovering-the-charm-of-historic-architec/assets/css/css/css/css/css/css/css/css/css/css/css/css/css/css/css/css/css/css/css/css/css/css/css/css/cs/style.64.delaye]
[bigredhevell.com/3856-discovering-the-charm-of-historic-architec/assets/css/css/css/css/css/css/css/css/css/css/css/css/css/css/css/css/css/css/css/css/css/css/css/css/cs/style.65.delaye]
[bigredhevell.com/3856-discovering-the-charm-of-historic-architec/assets/css/css/css/css/css/css/css/css/css/css/css/css/css/css/css/css/css/css/css/css/css/css/css/css/cs/style.65.delaye]
[bigredhevell.com/3856-discovering-the-charm-of-historic-architec/assets/css/css/css/css/css/css/css/css/css/css/css/css/css/css/css/css/css/css/css/css/css/css/css/css/cs/style.66.delaye]
[bigredhevell.com/3856-discovering-the-charm-of-historic-architec/assets/css/css/css/css/css/css/css/css/css/css/css/css/css/css/css/css/css/css/css/css/css/css/css/css/cs/style.66.delaye]
[bigredhevell.com/3856-discovering-the-charm-of-historic-architec/assets/css/css/css/css/css/css/css/css/css/css/css/css/css/css/css/css/css/css/css/css/css/css/css/css/cs/style.67.delaye]
[bigredhevell.com/3856-discovering-the-charm-of-historic-architec/assets/css/css/css/css/css/css/css/css/css/css/css/css/css/css/css/css/css/css/css/css/css/css/css/css/cs/style.67.delaye]
[bigredhevell.com/3856-discovering-the-charm-of-historic-architec/assets/css/css/css/css/css/css/css/css/css/css/css/css/css/css/css/css/css/css/css/css/css/css/css/css/cs/style.68.delaye]
[bigredhevell.com/3856-discovering-the-charm-of-historic-architec/assets/css/css/css/css/css/css/css/css/css/css/css/css/css/css/css/css/css/css/css/css/css/css/css/css/cs/style.68.delaye]
[bigredhevell.com/3856-discovering-the-charm-of-historic-architec/assets/css/css/css/css/css/css/css/css/css/css/css/css/css/css/css/css/css/css/css/css/css/css/css/css/cs/style.69.delaye]
[bigredhevell.com/3856-discovering-the-charm-of-historic-architec/assets/css/css/css/css/css/css/css/css/css/css/css/css/css/css/css/css/css/css/css/css/css/css/css/css/cs/style.69.delaye]
[bigredhevell.com/3856-discovering-the-charm-of-historic-architec/assets/css/css/css/css/css/css/css/css/css/css/css/css/css/css/css/css/css/css/css/css/css/css/css/css/cs/style.6a.delaye]
[bigredhevell.com/3856-discovering-the-charm-of-historic-architec/assets/css/css/css/css/css/css/css/css/css/css/css/css/css/css/css/css/css/css/css/css/css/css/css/css/cs/style.6a.delaye]
[bigredhevell.com/3856-discovering-the-charm-of-historic-architec/assets/css/css/css/css/css/css/css/css/css/css/css/css/css/css/css/css/css/css/css/css/css/css/css/css/cs/style.6b.delaye]
[bigredhevell.com/3856-discovering-the-charm-of-historic-architec/assets/css/css/css/css/css/css/css/css/css/css/css/css/css/css/css/css/css/css/css/css/css/css/css/css/cs/style.6b.delaye]
[bigredhevell.com/3856-discovering-the-charm-of-historic-architec/assets/css/css/css/css/css/css/css/css/css/css/css/css/css/css/css/css/css/css/css/css/css/css/css/css/cs/style.6c.delaye]
[bigredhevell.com/3856-discovering-the-charm-of-historic-architec/assets/css/css/css/css/css/css/css/css/css/css/css/css/css/css/css/css/css/css/css/css/css/css/css/css/cs/style.6c.delaye]
[bigredhevell.com/3856-discovering-the-charm-of-historic-architec/assets/css/css/css/css/css/css/css/css/css/css/css/css/css/css/css/css/css/css/css/css/css/css/css/css/cs/style.6d.delaye]
[bigredhevell.com/3856-discovering-the-charm-of-historic-architec/assets/css/css/css/css/css/css/css/css/css/css/css/css/css/css/css/css/css/css/css/css/css/css/css/css/cs/style.6d.delaye]
[bigredhevell.com/3856-discovering-the-charm-of-historic-architec/assets/css/css/css/css/css/css/css/css/css/css/css/css/css/css/css/css/css/css/css/css/css/css/css/css/cs/style.6e.delaye]
[bigredhevell.com/3856-discovering-the-charm-of-historic-architec/assets/css/css/css/css/css/css/css/css/css/css/css/css/css/css/css/css/css/css/css/css/css/css/css/css/cs/style.6e.delaye]
[bigredhevell.com/3856-discovering-the-charm-of-historic-architec/assets/css/css/css/css/css/css/css/css/css/css/css/css/css/css/css/css/css/css/css/css/css/css/css/css/cs/style.6f.delaye]
[bigredhevell.com/3856-discovering-the-charm-of-historic-architec/assets/css/css/css/css/css/css/css/css/css/css/css/css/css/css/css/css/css/css/css/css/css/css/css/css/cs/style.6f.delaye]
[bigredhevell.com/3856-discovering-the-charm-of-historic-architec/assets/css/css/css/css/css/css/css/css/css/css/css/css/css/css/css/css/css/css/css/css/css/css/css/css/cs/style.70.delaye]
[bigredhevell.com/3856-discovering-the-charm-of-historic-architec/assets/css/css/css/css/css/css/css/css/css/css/css/css/css/css/css/css/css/css/css/css/css/css/css/css/cs/style.70.delaye]
[bigredhevell.com/3856-discovering-the-charm-of-historic-architec/assets/css/css/css/css/css/css/css/css/css/css/css/css/css/css/css/css/css/css/css/css/css/css/css/css/cs/style.71.delaye]
[bigredhevell.com/3856-discovering-the-charm-of-historic-architec/assets/css/css/css/css/css/css/css/css/css/css/css/css/css/css/css/css/css/css/css/css/css/css/css/css/cs/style.71.delaye]
[bigredhevell.com/3856-discovering-the-charm-of-historic-architec/assets/css/css/css/css/css/css/css/css/css/css/css/css/css/css/css/css/css/css/css/css/css/css/css/css/cs/style.72.delaye]
[bigredhevell.com/3856-discovering-the-charm-of-historic-architec/assets/css/css/css/css/css/css/css/css/css/css/css/css/css/css/css/css/css/css/css/css/css/css/css/css/cs/style.72.delaye]
[bigredhevell.com/3856-discovering-the-charm-of-historic-architec/assets/css/css/css/css/css/css/css/css/css/css/css/css/css/css/css/css/css/css/css/css/css/css/css/css/cs/style.73.delaye]
[bigredhevell.com/3856-discovering-the-charm-of-historic-architec/assets/css/css/css/css/css/css/css/css/css/css/css/css/css/css/css/css/css/css/css/css/css/css/css/css/cs/style.73.delaye]
[bigredhevell.com/3856-discovering-the-charm-of-historic-architec/assets/css/css/css/css/css/css/css/css/css/css/css/css/css/css/css/css/css/css/css/css/css/css/css/css/cs/style.74.delaye]
[bigredhevell.com/3856-discovering-the-charm-of-historic-architec/assets/css/css/css/css/css/css/css/css/css/css/css/css/css/css/css/css/css/css/css/css/css/css/css/css/cs/style.74.delaye]
[bigredhevell.com/3856-discovering-the-charm-of-historic-architec/assets/css/css/css/css/css/css/css/css/css/css/css/css/css/css/css/css/css/css/css/css/css/css/css/css/cs/style.75.delaye]
[bigredhevell.com/3856-discovering-the-charm-of-historic-architec/assets/css/css/css/css/css/css/css/css/css/css/css/css/css/css/css/css/css/css/css/css/css/css/css/css/cs/style.75.delaye]
[bigredhevell.com/3856-discovering-the-charm-of-historic-architec/assets/css/css/css/css/css/css/css/css/css/css/css/css/css/css/css/css/css/css/css/css/css/css/css/css/cs/style.76.delaye]
[bigredhevell.com/3856-discovering-the-charm-of-historic-architec/assets/css/css/css/css/css/css/css/css/css/css/css/css/css/css/css/css/css/css/css/css/css/css/css/css/cs/style.76.delaye]
[bigredhevell.com/3856-discovering-the-charm-of-historic-architec/assets/css/css/css/css/css/css/css/css/css/css/css/css/css/css/css/css/css/css/css/css/css/css/css/css/cs/style.77.delaye]
[bigredhevell.com/3856-discovering-the-charm-of-historic-architec/assets/css/css/css/css/css/css/css/css/css/css/css/css/css/css/css/css/css/css/css/css/css/css/css/css/cs/style.77.delaye]
[bigredhevell.com/3856-discovering-the-charm-of-historic-architec/assets/css/css/css/css/css/css/css/css/css/css/css/css/css/css/css/css/css/css/css/css/css/css/css/css/cs/style.78.delaye]
[bigredhevell.com/3856-discovering-the-charm-of-historic-architec/assets/css/css/css/css/css/css/css/css/css/css/css/css/css/css/css/css/css/css/css/css/css/css/css/css/cs/style.78.delaye]
[bigredhevell.com/3856-discovering-the-charm-of-historic-architec/assets/css/css/css/css/css/css/css/css/css/css/css/css/css/css/css/css/css/css/css/css/css/css/css/css/cs/style.79.delaye]
[bigredhevell.com/3856-discovering-the-charm-of-historic-architec/assets/css/css/css/css/css/css/css/css/css/css/css/css/css/css/css/css/css/css/css/css/css/css/css/css/cs/style.79.delaye]
[bigredhevell.com/3856-discovering-the-charm-of-historic-architec/assets/css/css/css/css/css/css/css/css/css/css/css/css/css/css/css/css/css/css/css/css/css/css/css/css/cs/style.7a.delaye]
[bigredhevell.com/3856-discovering-the-charm-of-historic-architec/assets/css/css/css/css/css/css/css/css/css/css/css/css/css/css/css/css/css/css/css/css/css/css/css/css/cs/style.7a.delaye]
[bigredhevell.com/3856-discovering-the-charm-of-historic-architec/assets/css/css/css/css/css/css/css/css/css/css/css/css/css/css/css/css/css/css/css/css/css/css/css/css/cs/style.7b.delaye]
[bigredhevell.com/3856-discovering-the-charm-of-historic-architec/assets/css/css/css/css/css/css/css/css/css/css/css/css/css/css/css/css/css/css/css/css/css/css/css/css/cs/style.7b.delaye]
[bigredhevell.com/3856-discovering-the-charm-of-historic-architec/assets/css/css/css/css/css/css/css/css/css/css/css/css/css/css/css/css/css/css/css/css/css/css/css/css/cs/style.7c.delaye]
[bigredhevell.com/3856-discovering-the-charm-of-historic-architec/assets/css/css/css/css/css/css/css/css/css/css/css/css/css/css/css/css/css/css/css/css/css/css/css/css/cs/style.7c.delaye]
[bigredhevell.com/3856-discovering-the-charm-of-historic-architec/assets/css/css/css/css/css/css/css/css/css/css/css/css/css/css/css/css/css/css/css/css/css/css/css/css/cs/style.7d.delaye]
[bigredhevell.com/3856-discovering-the-charm-of-historic-architec/assets/css/css/css/css/css/css/css/css/css/css/css/css/css/css/css/css/css/css/css/css/css/css/css/css/cs/style.7d.delaye]
[bigredhevell.com/3856-discovering-the-charm-of-historic-architec/assets/css/css/css/css/css/css/css/css/css/css/css/css/css/css/css/css/css/css/css/css/css/css/css/css/cs/style.7e.delaye]
[bigredhevell.com/3856-discovering-the-charm-of-historic-architec/assets/css/css/css/css/css/css/css/css/css/css/css/css/css/css/css/css/css/css/css/css/css/css/css/css/cs/style.7e.delaye]
[bigredhevell.com/3856-discovering-the-charm-of-historic-architec/assets/css/css/css/css/css/css/css/css/css/css/css/css/css/css/css/css/css/css/css/css/css/css/css/css/cs/style.7f.delaye]
[bigredhevell.com/3856-discovering-the-charm-of-historic-architec/assets/css/css/css/css/css/css/css/css/css/css/css/css/css/css/css/css/css/css/css/css/css/css/css/css/cs/style.7f.delaye]
[bigredhevell.com/3856-discovering-the-charm-of-historic-architec/assets/css/css/css/css/css/css/css/css/css/css/css/css/css/css/css/css/css/css/css/css/css/css/css/css/cs/style.80.delaye]
[bigredhevell.com/3856-discovering-the-charm-of-historic-architec/assets/css/css/css/css/css/css/css/css/css/css/css/css/css/css/css/css/css/css/css/css/css/css/css/css/cs/style.80.delaye]
[bigredhevell.com/3856-discovering-the-charm-of-historic-architec/assets/css/css/css/css/css/css/css/css/css/css/css/css/css/css/css/css/css/css/css/css/css/css/css/css/cs/style.81.delaye]
[bigredhevell.com/3856-discovering-the-charm-of-historic-architec/assets/css/css/css/css/css/css/css/css/css/css/css/css/css/css/css/css/css/css/css/css/css/css/css/css/cs/style.81.delaye]
[bigredhevell.com/3856-discovering-the-charm-of-historic-architec/assets/css/css/css/css/css/css/css/css/css/css/css/css/css/css/css/css/css/css/css/css/css/css/css/css/cs/style.82.delaye]
[bigredhevell.com/3856-discovering-the-charm-of-historic-architec/assets/css/css/css/css/css/css/css/css/css/css/css/css/css/css/css/css/css/css/css/css/css/css/css/css/cs/style.82.delaye]
[bigredhevell.com/3856-discovering-the-charm-of-historic-architec/assets/css/css/css/css/css/css/css/css/css/css/css/css/css/css/css/css/css/css/css/css/css/css/css/css/cs/style.83.delaye]
[bigredhevell.com/3856-discovering-the-charm-of-historic-architec/assets/css/css/css/css/css/css/css/css/css/css/css/css/css/css/css/css/css/css/css/css/css/css/css/css/cs/style.83.delaye]
[bigredhevell.com/3856-discovering-the-charm-of-historic-architec/assets/css/css/css/css/css/css/css/css/css/css/css/css/css/css/css/css/css/css/css/css/css/css/css/css/cs/style.84.delaye]
[bigredhevell.com/3856-discovering-the-charm-of-historic-architec/assets/css/css/css/css/css/css/css/css/css/css/css/css/css/css/css/css/css/css/css/css/css/css/css/css/cs/style.84.delaye]
[bigredhevell.com/3856-discovering-the-charm-of-historic-architec/assets/css/css/css/css/css/css/css/css/css/css/css/css/css/css/css/css/css/css/css/css/css/css/css/css/cs/style.85.delaye]
[bigredhevell.com/3856-discovering-the-charm-of-historic-architec/assets/css/css/css/css/css/css/css/css/css/css/css/css/css/css/css/css/css/css/css/css/css/css/css/css/cs/style.85.delaye]
[bigredhevell.com/3856-discovering-the-charm-of-historic-architec/assets/css/css/css/css/css/css/css/css/css/css/css/css/css/css/css/css/css/css/css/css/css/css/css/css/cs/style.86.delaye]
[bigredhevell.com/3856-discovering-the-charm-of-historic-architec/assets/css/css/css/css/css/css/css/css/css/css/css/css/css/css/css/css/css/css/css/css/css/css/css/css/cs/style.86.delaye]
[bigredhevell.com/3856-discovering-the-charm-of-historic-architec/assets/css/css/css/css/css/css/css/css/css/css/css/css/css/css/css/css/css/css/css/css/css/css/css/css/cs/style.87.delaye]
[bigredhevell.com/3856-discovering-the-charm-of-historic-architec/assets/css/css/css/css/css/css/css/css/css/css/css/css/css/css/css/css/css/css/css/css/css/css/css/css/cs/style.87.delaye]
[bigredhevell.com/3856-discovering-the-charm-of-historic-architec/assets/css/css/css/css/css/css/css/css/css/css/css/css/css/css/css/css/css/css/css/css/css/css/css/css/cs/style.88.delaye]
[bigredhevell.com/3856-discovering-the-charm-of-historic-architec/assets/css/css/css/css/css/css/css/css/css/css/css/css/css/css/css/css/css/css/css/css/css/css/css/css/cs/style.88.delaye]
[bigredhevell.com/3856-discovering-the-charm-of-historic-architec/assets/css/css/css/css/css/css/css/css/css/css/css/css/css/css/css/css/css/css/css/css/css/css/css/css/cs/style.89.delaye]
[bigredhevell.com/3856-discovering-the-charm-of-historic-architec/assets/css/css/css/css/css/css/css/css/css/css/css/css/css/css/css/css/css/css/css/css/css/css/css/css/cs/style.89.delaye]
[bigredhevell.com/3856-discovering-the-charm-of-historic-architec/assets/css/css/css/css/css/css/css/css/css/css/css/css/css/css/css/css/css/css/css/css/css/css/css/css/cs/style.8a.delaye]
[bigredhevell.com/3856-discovering-the-charm-of-historic-architec/assets/css/css/css/css/css/css/css/css/css/css/css/css/css/css/css/css/css/css/css/css/css/css/css/css/cs/style.8a.delaye]
[bigredhevell.com/3856-discovering-the-charm-of-historic-architec/assets/css/css/css/css/css/css/css/css/css/css/css/css/css/css/css/css/css/css/css/css/css/css/css/css/cs/style.8b.delaye]
[bigredhevell.com/3856-discovering-the-charm-of-historic-architec/assets/css/css/css/css/css/css/css/css/css/css/css/css/css/css/css/css/css/css/css/css/css/css/css/css/cs/style.8b.delaye]
[bigredhevell.com/3856-discovering-the-charm-of-historic-architec/assets/css/css/css/css/css/css/css/css/css/css/css/css/css/css/css/css/css/css/css/css/css/css/css/css/cs/style.8c.delaye]
[bigredhevell.com/3856-discovering-the-charm-of-historic-architec/assets/css/css/css/css/css/css/css/css/css/css/css/css/css/css/css/css/css/css/css/css/css/css/css/css/cs/style.8c.delaye]
[bigredhevell.com/3856-discovering-the-charm-of-historic-architec/assets/css/css/css/css/css/css/css/css/css/css/css/css/css/css/css/css/css/css/css/css/css/css/css/css/cs/style.8d.delaye]
[bigredhevell.com/3856-discovering-the-charm-of-historic-architec/assets/css/css/css/css/css/css/css/css/css/css/css/css/css/css/css/css/css/css/css/css/css/css/css/css/cs/style.8d.delaye]
[bigredhevell.com/3856-discovering-the-charm-of-historic-architec/assets/css/css/css/css/css/css/css/css/css/css/css/css/css/css/css/css/css/css/css/css/css/css/css/css/cs/style.8e.delaye]
[bigredhevell.com/3856-discovering-the-charm-of-historic-architec/assets/css/css/css/css/css/css/css/css/css/css/css/css/css/css/css/css/css/css/css/css/css/css/css/css/cs/style.8e.delaye]
[bigredhevell.com/3856-discovering-the-charm-of-historic-architec/assets/css/css/css/css/css/css/css/css/css/css/css/css/css/css/css/css/css/css/css/css/css/css/css/css/cs/style.8f.delaye]
[bigredhevell.com/3856-discovering-the-charm-of-historic-architec/assets/css/css/css/css/css/css/css/css/css/css/css/css/css/css/css/css/css/css/css/css/css/css/css/css/cs/style.8f.delaye]
[bigredhevell.com/3856-discovering-the-charm-of-historic-architec/assets/css/css/css/css/css/css/css/css/css/css/css/css/css/css/css/css/css/css/css/css/css/css/css/css/cs/style.90.delaye]
[bigredhevell.com/3856-discovering-the-charm-of-historic-architec/assets/css/css/css/css/css/css/css/css/css/css/css/css/css/css/css/css/css/css/css/css/css/css/css/css/cs/style.90.delaye]
[bigredhevell.com/3856-discovering-the-charm-of-historic-architec/assets/css/css/css/css/css/css/css/css/css/css/css/css/css/css/css/css/css/css/css/css/css/css/css/css/cs/style.91.delaye]
[bigredhevell.com/3856-discovering-the-charm-of-historic-architec/assets/css/css/css/css/css/css/css/css/css/css/css/css/css/css/css/css/css/css/css/css/css/css/css/css/cs/style.91.delaye]
[bigredhevell.com/3856-discovering-the-charm-of-historic-architec/assets/css/css/css/css/css/css/css/css/css/css/css/css/css/css/css/css/css/css/css/css/css/css/css/css/cs/style.92.delaye]
[bigredhevell.com/3856-discovering-the-charm-of-historic-architec/assets/css/css/css/css/css/css/css/css/css/css/css/css/css/css/css/css/css/css/css/css/css/css/css/css/cs/style.92.delaye]
[bigredhevell.com/3856-discovering-the-charm-of-historic-architec/assets/css/css/css/css/css/css/css/css/css/css/css/css/css/css/css/css/css/css/css/css/css/css/css/css/cs/style.93.delaye]
[bigredhevell.com/3856-discovering-the-charm-of-historic-architec/assets/css/css/css/css/css/css/css/css/css/css/css/css/css/css/css/css/css/css/css/css/css/css/css/css/cs/style.93.delaye]
[bigredhevell.com/3856-discovering-the-charm-of-historic-architec/assets/css/css/css/css/css/css/css/css/css/css/css/css/css/css/css/css/css/css/css/css/css/css/css/css/cs/style.94.delaye]
[bigredhevell.com/3856-discovering-the-charm-of-historic-architec/assets/css/css/css/css/css/css/css/css/css/css/css/css/css/css/css/css/css/css/css/css/css/css/css/css/cs/style.94.delaye]
[bigredhevell.com/3856-discovering-the-charm-of-historic-architec/assets/css/css/css/css/css/css/css/css/css/css/css/css/css/css/css/css/css/css/css/css/css/css/css/css/cs/style.95.delaye]
[bigredhevell.com/3856-discovering-the-charm-of-historic-architec/assets/css/css/css/css/css/css/css/css/css/css/css/css/css/css/css/css/css/css/css/css/css/css/css/css/cs/style.95.delaye]
